
[1m[46m RUN [49m[22m [36mv4.0.18 [39m[90mD:/project/Mivro/backend[39m

 [32mΓ£ô[39m tests/unit/services/recurringService.test.js[2m > [22mrecurringService[2m > [22mcreate[2m > [22mshould create a recurring transaction successfully[32m 129[2mms[22m[39m
 [32mΓ£ô[39m tests/unit/services/recurringService.test.js[2m > [22mrecurringService[2m > [22mprocessRecurrings (Lazy Evaluation)[2m > [22mshould process a single due transaction and update nextOccurrence[32m 69[2mms[22m[39m
 [32mΓ£ô[39m tests/unit/services/recurringService.test.js[2m > [22mrecurringService[2m > [22mprocessRecurrings (Lazy Evaluation)[2m > [22mshould handle multiple missed occurrences (backfill)[32m 98[2mms[22m[39m
 [32mΓ£ô[39m tests/unit/services/recurringService.test.js[2m > [22mrecurringService[2m > [22mprocessRecurrings (Lazy Evaluation)[2m > [22mshould handle leap year Feb 29 -> Feb 28[32m 50[2mms[22m[39m
 [31m├ù[39m tests/unit/services/recurringService.test.js[2m > [22mrecurringService[2m > [22mprocessRecurrings (Lazy Evaluation)[2m > [22mshould correctly handle month end Jan 31 -> Feb 29 -> Mar 31[32m 76[2mms[22m[39m
[31m   ΓåÆ expected 29 to be 31 // Object.is equality[39m
 [32mΓ£ô[39m tests/unit/services/recurringService.test.js[2m > [22mrecurringService[2m > [22mCRUD operations[2m > [22mshould update recurring transaction[32m 31[2mms[22m[39m
 [32mΓ£ô[39m tests/unit/services/recurringService.test.js[2m > [22mrecurringService[2m > [22mCRUD operations[2m > [22mshould delete recurring transaction[32m 37[2mms[22m[39m
node.exe : 
At C:\Program Files\n
odejs\npx.ps1:29 
char:3
+   & $NODE_EXE 
$NPX_CLI_JS $args
+   ~~~~~~~~~~~~~~~~~
~~~~~~~~~~~~
    + CategoryInfo   
           : NotSpe  
  cified: (:String   
 ) [], RemoteExce    
ption
    + FullyQualified 
   ErrorId : Native  
  CommandError
 
[31mΓÄ»ΓÄ»ΓÄ»ΓÄ»ΓÄ»Γ
Ä»ΓÄ»[39m[1m[41m 
Failed Tests 1 [49m
[22m[31mΓÄ»ΓÄ»ΓÄ»ΓÄ»
ΓÄ»ΓÄ»ΓÄ»[39m

[41m[1m FAIL 
[22m[49m tests/unit
/services/recurringSe
rvice.test.js[2m > 
[22mrecurringService
[2m > [22mprocessRec
urrings (Lazy 
Evaluation)[2m > 
[22mshould 
correctly handle 
month end Jan 31 -> 
Feb 29 -> Mar 31
[31m[1mAssertionErr
or[22m: expected 29 
to be 31 // 
Object.is 
equality[39m

[32m- Expected[39m
[31m+ Received[39m

[32m- 31[39m
[31m+ 29[39m

[36m [2mΓ¥»[22m te
sts/unit/services/rec
urringService.test.js
:[2m148:48[22m[39m
    [90m146| [39m  
    [35mawait[39m r
ecurringService[33m.
[39m[34mprocessRecu
rrings[39m(userId)
    [90m147| [39m  
    updated 
[33m=[39m 
[35mawait[39m [33m
RecurringTransaction
[39m[33m.[39m[34mf
indById[39m(recurrin
g[33m.[39m_id)
    [90m148| [39m  
    [34mexpect[39m(
updated[33m.[39mnex
tOccurrence[33m.[39
m[34mgetDate[39m())
[33m.[39m[34mtoBe
[39m([34m31[39m)
    [90m   | [39m  
                     
                     
   [31m^[39m
    [90m149| [39m  
  })
    [90m150| [39m  
})

[31m[2mΓÄ»ΓÄ»ΓÄ»ΓÄ»
ΓÄ»ΓÄ»ΓÄ»ΓÄ»ΓÄ»ΓÄ»ΓÄ»
ΓÄ»ΓÄ»ΓÄ»ΓÄ»ΓÄ»ΓÄ»ΓÄ»
ΓÄ»ΓÄ»ΓÄ»ΓÄ»ΓÄ»ΓÄ»[1/
1]ΓÄ»[22m[39m


[2m Test Files [22m [1m[31m1 failed[39m[22m[90m (1)[39m
[2m      Tests [22m [1m[31m1 failed[39m[22m[2m | [22m[1m[32m6 passed[39m[22m[90m (7)[39m
[2m   Start at [22m 14:19:49
[2m   Duration [22m 2.83s[2m (transform 134ms, setup 824ms, import 149ms, tests 1.59s, environment 0ms)[22m

